"/home/anonymous/code/cva6/vendor/pulp-platform/fpga-support/rtl/AsyncDpRam.sv"
"/home/anonymous/code/cva6/vendor/pulp-platform/fpga-support/rtl/AsyncThreePortRam.sv"
"/home/anonymous/code/cva6/core/include/riscv_pkg.sv"
"/home/anonymous/code/cva6/core/include/ariane_pkg.sv"
"/home/anonymous/code/cva6/vendor/pulp-platform/axi/src/axi_pkg.sv"
"/home/anonymous/code/cva6/vendor/pulp-platform/common_cells/src/cf_math_pkg.sv"
"/home/anonymous/code/cva6/core/decoder.sv"
"/home/anonymous/code/cva6/core/multiplier.sv"
"/home/anonymous/code/cva6/core/axi_shim.sv"
"/home/anonymous/code/cva6/core/frontend/instr_queue.sv"
"/home/anonymous/code/cva6/core/cache_subsystem/axi_adapter.sv"
"/home/anonymous/code/cva6/core/cache_subsystem/hpdcache/rtl/src/hpdcache_pkg.sv"
"/home/anonymous/code/cva6/core/cache_subsystem/hpdcache/rtl/src/common/hpdcache_demux.sv"
"/home/anonymous/code/cva6/core/cache_subsystem/hpdcache/rtl/src/common/hpdcache_lfsr.sv"
"/home/anonymous/code/cva6/core/cache_subsystem/hpdcache/rtl/src/common/hpdcache_sync_buffer.sv"
"/home/anonymous/code/cva6/core/cache_subsystem/hpdcache/rtl/src/common/hpdcache_fifo_reg.sv"
"/home/anonymous/code/cva6/core/cache_subsystem/hpdcache/rtl/src/common/hpdcache_fifo_reg_initialized.sv"
"/home/anonymous/code/cva6/core/cache_subsystem/hpdcache/rtl/src/common/hpdcache_fxarb.sv"
"/home/anonymous/code/cva6/core/cache_subsystem/hpdcache/rtl/src/common/hpdcache_rrarb.sv"
"/home/anonymous/code/cva6/core/cache_subsystem/hpdcache/rtl/src/common/hpdcache_mux.sv"
"/home/anonymous/code/cva6/core/cache_subsystem/hpdcache/rtl/src/common/hpdcache_1hot_to_binary.sv"
"/home/anonymous/code/cva6/core/cache_subsystem/hpdcache/rtl/src/common/hpdcache_prio_1hot_encoder.sv"
"/home/anonymous/code/cva6/core/cache_subsystem/hpdcache/rtl/src/common/hpdcache_sram.sv"
"/home/anonymous/code/cva6/core/cache_subsystem/hpdcache/rtl/src/common/hpdcache_sram_wbyteenable.sv"
"/home/anonymous/code/cva6/core/cache_subsystem/hpdcache/rtl/src/common/hpdcache_sram_wmask.sv"
"/home/anonymous/code/cva6/core/cache_subsystem/hpdcache/rtl/src/common/hpdcache_regbank_wbyteenable_1rw.sv"
"/home/anonymous/code/cva6/core/cache_subsystem/hpdcache/rtl/src/common/hpdcache_regbank_wmask_1rw.sv"
"/home/anonymous/code/cva6/core/cache_subsystem/hpdcache/rtl/src/common/hpdcache_data_downsize.sv"
"/home/anonymous/code/cva6/core/cache_subsystem/hpdcache/rtl/src/common/hpdcache_data_upsize.sv"
"/home/anonymous/code/cva6/core/cache_subsystem/hpdcache/rtl/src/hwpf_stride/hwpf_stride_pkg.sv"
"/home/anonymous/code/cva6/core/cache_subsystem/hpdcache/rtl/src/hwpf_stride/hwpf_stride.sv"
"/home/anonymous/code/cva6/core/cache_subsystem/hpdcache/rtl/src/hwpf_stride/hwpf_stride_arb.sv"
"/home/anonymous/code/cva6/core/cache_subsystem/hpdcache/rtl/src/hwpf_stride/hwpf_stride_wrapper.sv"
"/home/anonymous/code/cva6/core/cache_subsystem/hpdcache/rtl/include/hpdcache_typedef.svh"
"/home/anonymous/code/cva6/core/cache_subsystem/hpdcache/rtl/src/hpdcache.sv"
"/home/anonymous/code/cva6/core/cache_subsystem/hpdcache/rtl/include/hpdcache_typedef.svh"
"/home/anonymous/code/cva6/core/cache_subsystem/hpdcache/rtl/src/hpdcache_amo.sv"
"/home/anonymous/code/cva6/core/cache_subsystem/hpdcache/rtl/src/hpdcache_cmo.sv"
"/home/anonymous/code/cva6/core/cache_subsystem/hpdcache/rtl/src/hpdcache_core_arbiter.sv"
"/home/anonymous/code/cva6/core/cache_subsystem/hpdcache/rtl/src/hpdcache_ctrl.sv"
"/home/anonymous/code/cva6/core/cache_subsystem/hpdcache/rtl/src/hpdcache_ctrl_pe.sv"
"/home/anonymous/code/cva6/core/cache_subsystem/hpdcache/rtl/src/hpdcache_memctrl.sv"
"/home/anonymous/code/cva6/core/cache_subsystem/hpdcache/rtl/src/hpdcache_miss_handler.sv"
"/home/anonymous/code/cva6/core/cache_subsystem/hpdcache/rtl/src/hpdcache_mshr.sv"
"/home/anonymous/code/cva6/core/cache_subsystem/hpdcache/rtl/src/hpdcache_plru.sv"
"/home/anonymous/code/cva6/core/cache_subsystem/hpdcache/rtl/src/hpdcache_rtab.sv"
"/home/anonymous/code/cva6/core/cache_subsystem/hpdcache/rtl/src/hpdcache_uncached.sv"
"/home/anonymous/code/cva6/core/cache_subsystem/hpdcache/rtl/src/hpdcache_victim_sel.sv"
"/home/anonymous/code/cva6/core/cache_subsystem/hpdcache/rtl/src/hpdcache_wbuf.sv"
"/home/anonymous/code/cva6/core/cache_subsystem/hpdcache/rtl/src/utils/hpdcache_mem_req_read_arbiter.sv"
"/home/anonymous/code/cva6/core/cache_subsystem/hpdcache/rtl/src/utils/hpdcache_mem_req_write_arbiter.sv"
"/home/anonymous/code/cva6/core/cache_subsystem/hpdcache/rtl/src/utils/hpdcache_mem_resp_demux.sv"
"/home/anonymous/code/cva6/core/cache_subsystem/hpdcache/rtl/src/utils/hpdcache_mem_to_axi_read.sv"
"/home/anonymous/code/cva6/core/cache_subsystem/hpdcache/rtl/src/utils/hpdcache_mem_to_axi_write.sv"
"/home/anonymous/code/cva6/core/cache_subsystem/cva6_hpdcache_subsystem.sv"
"/home/anonymous/code/cva6/core/cache_subsystem/hpdcache/rtl/include/hpdcache_typedef.svh"
"/home/anonymous/code/cva6/core/cache_subsystem/cva6_hpdcache_subsystem_axi_arbiter.sv"
"/home/anonymous/code/cva6/core/cache_subsystem/cva6_hpdcache_if_adapter.sv"
"/home/anonymous/code/cva6/core/cache_subsystem/cva6_hpdcache_wrapper.sv"
"/home/anonymous/code/cva6/core/cache_subsystem/hpdcache/rtl/include/hpdcache_typedef.svh"
"/home/anonymous/code/cva6/core/cache_subsystem/hpdcache/rtl/src/common/macros/behav/hpdcache_sram_1rw.sv"
"/home/anonymous/code/cva6/core/cache_subsystem/hpdcache/rtl/src/common/macros/behav/hpdcache_sram_wbyteenable_1rw.sv"
"/home/anonymous/code/cva6/core/cache_subsystem/hpdcache/rtl/src/common/macros/behav/hpdcache_sram_wmask_1rw.sv"
"/home/anonymous/code/cva6/core/cva6_mmu/cva6_mmu.sv"
"/home/anonymous/code/cva6/core/cva6_mmu/cva6_ptw.sv"
"/home/anonymous/code/cva6/core/cva6_mmu/cva6_tlb.sv"
"/home/anonymous/code/cva6/core/frontend/instr_queue.sv"
"/home/anonymous/code/cva6/core/decoder.sv"
"/home/anonymous/code/cva6/core/cva6_mmu/cva6_mmu.sv"
"/home/anonymous/code/cva6/core/cva6_mmu/cva6_tlb.sv"
"/home/anonymous/code/cva6/core/cva6_mmu/cva6_tlb.sv"
"/home/anonymous/code/cva6/core/cva6_mmu/cva6_ptw.sv"
"/home/anonymous/code/cva6/core/axi_shim.sv"
